EN mult2 NULL X:/DISLab/grieche/frequency_modulation/mult2.vhd sub00/vhpl08 1495748099
EN spi_ifc NULL X:/DISLab/grieche/frequency_modulation/spi_.vhd sub00/vhpl20 1495748111
PH sine_cordic_constants NULL X:/DISLab/grieche/frequency_modulation/sine_cordic_constants.vhd sub00/vhpl00 1495748091
AR mult mult_arc X:/DISLab/grieche/frequency_modulation/mult.vhd sub00/vhpl05 1495748096
AR spi_ifc rtl X:/DISLab/grieche/frequency_modulation/spi_rtl.vhd sub00/vhpl31 1495748122
EN cordic_init NULL X:/DISLab/grieche/frequency_modulation/cordic_init.vhd sub00/vhpl06 1495748097
EN timekeeper NULL X:/DISLab/grieche/frequency_modulation/timekeeper.vhd sub00/vhpl16 1495748107
AR lcd_display rtl X:/DISLab/grieche/frequency_modulation/lcd_display_rtl.vhd sub00/vhpl30 1495748121
EN mult NULL X:/DISLab/grieche/frequency_modulation/mult.vhd sub00/vhpl04 1495748095
AR lcd_core rtl X:/DISLab/grieche/frequency_modulation/lcd_core_rtl.vhd sub00/vhpl29 1495748120
EN lcd_fifo NULL X:/DISLab/grieche/frequency_modulation/lcd_fifo_.vhd sub00/vhpl18 1495748109
EN cordic_step NULL X:/DISLab/grieche/frequency_modulation/cordic_step.vhd sub00/vhpl02 1495748093
PH comp_pack NULL X:/DISLab/grieche/frequency_modulation/comp_pack.vhd sub00/vhpl19 1495748110
AR cordic_init cordic_init_arc X:/DISLab/grieche/frequency_modulation/cordic_init.vhd sub00/vhpl07 1495748098
EN signal_generator NULL X:/DISLab/grieche/frequency_modulation/signal_generator.vhd sub00/vhpl14 1495748105
AR mult2 mult2_arc X:/DISLab/grieche/frequency_modulation/mult2.vhd sub00/vhpl09 1495748100
EN sine_cordic NULL X:/DISLab/grieche/frequency_modulation/sine_cordic.vhd sub00/vhpl10 1495748101
EN lcd_core NULL X:/DISLab/grieche/frequency_modulation/lcd_core_.vhd sub00/vhpl22 1495748113
AR lcd_fifo beh X:/DISLab/grieche/frequency_modulation/lcd_fifo_rtl.vhd sub00/vhpl32 1495748123
EN modulator NULL X:/DISLab/grieche/frequency_modulation/modulator.vhd sub00/vhpl12 1495748103
AR sine_cordic syn X:/DISLab/grieche/frequency_modulation/sine_cordic.vhd sub00/vhpl11 1495748102
EN top NULL X:/DISLab/grieche/frequency_modulation/top_.vhd sub00/vhpl23 1495748114
AR timekeeper timekeeper_arc X:/DISLab/grieche/frequency_modulation/timekeeper.vhd sub00/vhpl17 1495748108
AR reset behavioral X:/DISLab/grieche/frequency_modulation/reset.vhd sub00/vhpl25 1495748116
AR cordic_step cordic_step_arc X:/DISLab/grieche/frequency_modulation/cordic_step.vhd sub00/vhpl03 1495748094
AR modulator modulator_arc X:/DISLab/grieche/frequency_modulation/modulator.vhd sub00/vhpl13 1495748104
AR frequency_modulation frequency_modulation_arc X:/DISLab/grieche/frequency_modulation/frequency_modulation.vhd sub00/vhpl27 1495748118
AR signal_generator signal_generator_arc X:/DISLab/grieche/frequency_modulation/signal_generator.vhd sub00/vhpl15 1495748106
EN reset NULL X:/DISLab/grieche/frequency_modulation/reset.vhd sub00/vhpl24 1495748115
EN frequency_modulation NULL X:/DISLab/grieche/frequency_modulation/frequency_modulation.vhd sub00/vhpl26 1495748117
EN lcd_display NULL X:/DISLab/grieche/frequency_modulation/lcd_display_.vhd sub00/vhpl21 1495748112
AR top struc X:/DISLab/grieche/frequency_modulation/top_struc.vhd sub00/vhpl28 1495748119
PB sine_cordic_constants sine_cordic_constants X:/DISLab/grieche/frequency_modulation/sine_cordic_constants.vhd sub00/vhpl01 1495748092
